Analysis & Synthesis report for main
Fri Jun  5 21:28:51 2026
Quartus Prime Version 25.1std.0 Build 1129 10/21/2025 SC Lite Edition


---------------------
; Table of Contents ;
---------------------
  1. Legal Notice
  2. Analysis & Synthesis Summary
  3. Analysis & Synthesis Settings
  4. Parallel Compilation
  5. Analysis & Synthesis Source Files Read
  6. Analysis & Synthesis Resource Usage Summary
  7. Analysis & Synthesis Resource Utilization by Entity
  8. State Machine - |main|hcsr04:hcsr04_inst|state
  9. General Register Statistics
 10. Multiplexer Restructuring Statistics (Restructuring Performed)
 11. Parameter Settings for User Entity Instance: tick_gen:tick_display_inst
 12. Parameter Settings for User Entity Instance: tick_gen:tick_hcsr04_inst
 13. Parameter Settings for Inferred Entity Instance: display_mux:display_mux_inst|lpm_divide:Mod0
 14. Parameter Settings for Inferred Entity Instance: display_mux:display_mux_inst|lpm_divide:Div0
 15. Parameter Settings for Inferred Entity Instance: display_mux:display_mux_inst|lpm_divide:Mod1
 16. Parameter Settings for Inferred Entity Instance: display_mux:display_mux_inst|lpm_divide:Div1
 17. Parameter Settings for Inferred Entity Instance: display_mux:display_mux_inst|lpm_divide:Mod2
 18. Parameter Settings for Inferred Entity Instance: hcsr04:hcsr04_inst|lpm_divide:Div0
 19. Port Connectivity Checks: "display_mux:display_mux_inst|digit_to_7seg:digit_to_7seg_inst"
 20. Port Connectivity Checks: "tick_gen:tick_display_inst"
 21. Post-Synthesis Netlist Statistics for Top Partition
 22. Elapsed Time Per Partition
 23. Analysis & Synthesis Messages



----------------
; Legal Notice ;
----------------
Copyright (C) 2025  Altera Corporation. All rights reserved.
Your use of Altera Corporation's design tools, logic functions 
and other software and tools, and any partner logic 
functions, and any output files from any of the foregoing 
(including device programming or simulation files), and any 
associated documentation or information are expressly subject 
to the terms and conditions of the Altera Program License 
Subscription Agreement, the Altera Quartus Prime License Agreement,
the Altera IP License Agreement, or other applicable license
agreement, including, without limitation, that your use is for
the sole purpose of programming logic devices manufactured by
Altera and sold by Altera or its authorized distributors.  Please
refer to the Altera Software License Subscription Agreements 
on the Quartus Prime software download page.



+--------------------------------------------------------------------------------------+
; Analysis & Synthesis Summary                                                         ;
+------------------------------------+-------------------------------------------------+
; Analysis & Synthesis Status        ; Successful - Fri Jun  5 21:28:51 2026           ;
; Quartus Prime Version              ; 25.1std.0 Build 1129 10/21/2025 SC Lite Edition ;
; Revision Name                      ; main                                            ;
; Top-level Entity Name              ; main                                            ;
; Family                             ; Cyclone IV E                                    ;
; Total logic elements               ; 911                                             ;
;     Total combinational functions  ; 911                                             ;
;     Dedicated logic registers      ; 102                                             ;
; Total registers                    ; 102                                             ;
; Total pins                         ; 16                                              ;
; Total virtual pins                 ; 0                                               ;
; Total memory bits                  ; 0                                               ;
; Embedded Multiplier 9-bit elements ; 0                                               ;
; Total PLLs                         ; 0                                               ;
+------------------------------------+-------------------------------------------------+


+------------------------------------------------------------------------------------------------------------+
; Analysis & Synthesis Settings                                                                              ;
+------------------------------------------------------------------+--------------------+--------------------+
; Option                                                           ; Setting            ; Default Value      ;
+------------------------------------------------------------------+--------------------+--------------------+
; Device                                                           ; EP4CE6E22C8        ;                    ;
; Top-level entity name                                            ; main               ; main               ;
; Family name                                                      ; Cyclone IV E       ; Cyclone V          ;
; Use smart compilation                                            ; Off                ; Off                ;
; Enable parallel Assembler and Timing Analyzer during compilation ; On                 ; On                 ;
; Enable compact report table                                      ; Off                ; Off                ;
; Restructure Multiplexers                                         ; Auto               ; Auto               ;
; Create Debugging Nodes for IP Cores                              ; Off                ; Off                ;
; Preserve fewer node names                                        ; On                 ; On                 ;
; Intel FPGA IP Evaluation Mode                                    ; Enable             ; Enable             ;
; Verilog Version                                                  ; Verilog_2001       ; Verilog_2001       ;
; VHDL Version                                                     ; VHDL_1993          ; VHDL_1993          ;
; State Machine Processing                                         ; Auto               ; Auto               ;
; Safe State Machine                                               ; Off                ; Off                ;
; Extract Verilog State Machines                                   ; On                 ; On                 ;
; Extract VHDL State Machines                                      ; On                 ; On                 ;
; Ignore Verilog initial constructs                                ; Off                ; Off                ;
; Iteration limit for constant Verilog loops                       ; 5000               ; 5000               ;
; Iteration limit for non-constant Verilog loops                   ; 250                ; 250                ;
; Add Pass-Through Logic to Inferred RAMs                          ; On                 ; On                 ;
; Infer RAMs from Raw Logic                                        ; On                 ; On                 ;
; Parallel Synthesis                                               ; On                 ; On                 ;
; DSP Block Balancing                                              ; Auto               ; Auto               ;
; NOT Gate Push-Back                                               ; On                 ; On                 ;
; Power-Up Don't Care                                              ; On                 ; On                 ;
; Remove Redundant Logic Cells                                     ; Off                ; Off                ;
; Remove Duplicate Registers                                       ; On                 ; On                 ;
; Ignore CARRY Buffers                                             ; Off                ; Off                ;
; Ignore CASCADE Buffers                                           ; Off                ; Off                ;
; Ignore GLOBAL Buffers                                            ; Off                ; Off                ;
; Ignore ROW GLOBAL Buffers                                        ; Off                ; Off                ;
; Ignore LCELL Buffers                                             ; Off                ; Off                ;
; Ignore SOFT Buffers                                              ; On                 ; On                 ;
; Limit AHDL Integers to 32 Bits                                   ; Off                ; Off                ;
; Optimization Technique                                           ; Balanced           ; Balanced           ;
; Carry Chain Length                                               ; 70                 ; 70                 ;
; Auto Carry Chains                                                ; On                 ; On                 ;
; Auto Open-Drain Pins                                             ; On                 ; On                 ;
; Perform WYSIWYG Primitive Resynthesis                            ; Off                ; Off                ;
; Auto ROM Replacement                                             ; On                 ; On                 ;
; Auto RAM Replacement                                             ; On                 ; On                 ;
; Auto DSP Block Replacement                                       ; On                 ; On                 ;
; Auto Shift Register Replacement                                  ; Auto               ; Auto               ;
; Allow Shift Register Merging across Hierarchies                  ; Auto               ; Auto               ;
; Auto Clock Enable Replacement                                    ; On                 ; On                 ;
; Strict RAM Replacement                                           ; Off                ; Off                ;
; Allow Synchronous Control Signals                                ; On                 ; On                 ;
; Force Use of Synchronous Clear Signals                           ; Off                ; Off                ;
; Auto RAM Block Balancing                                         ; On                 ; On                 ;
; Auto RAM to Logic Cell Conversion                                ; Off                ; Off                ;
; Auto Resource Sharing                                            ; Off                ; Off                ;
; Allow Any RAM Size For Recognition                               ; Off                ; Off                ;
; Allow Any ROM Size For Recognition                               ; Off                ; Off                ;
; Allow Any Shift Register Size For Recognition                    ; Off                ; Off                ;
; Use LogicLock Constraints during Resource Balancing              ; On                 ; On                 ;
; Ignore translate_off and synthesis_off directives                ; Off                ; Off                ;
; Timing-Driven Synthesis                                          ; On                 ; On                 ;
; Report Parameter Settings                                        ; On                 ; On                 ;
; Report Source Assignments                                        ; On                 ; On                 ;
; Report Connectivity Checks                                       ; On                 ; On                 ;
; Ignore Maximum Fan-Out Assignments                               ; Off                ; Off                ;
; Synchronization Register Chain Length                            ; 2                  ; 2                  ;
; Power Optimization During Synthesis                              ; Normal compilation ; Normal compilation ;
; HDL message level                                                ; Level2             ; Level2             ;
; Suppress Register Optimization Related Messages                  ; Off                ; Off                ;
; Number of Removed Registers Reported in Synthesis Report         ; 5000               ; 5000               ;
; Number of Swept Nodes Reported in Synthesis Report               ; 5000               ; 5000               ;
; Number of Inverted Registers Reported in Synthesis Report        ; 100                ; 100                ;
; Clock MUX Protection                                             ; On                 ; On                 ;
; Auto Gated Clock Conversion                                      ; Off                ; Off                ;
; Block Design Naming                                              ; Auto               ; Auto               ;
; SDC constraint protection                                        ; Off                ; Off                ;
; Synthesis Effort                                                 ; Auto               ; Auto               ;
; Shift Register Replacement - Allow Asynchronous Clear Signal     ; On                 ; On                 ;
; Pre-Mapping Resynthesis Optimization                             ; Off                ; Off                ;
; Analysis & Synthesis Message Level                               ; Medium             ; Medium             ;
; Disable Register Merging Across Hierarchies                      ; Auto               ; Auto               ;
; Resource Aware Inference For Block RAM                           ; On                 ; On                 ;
+------------------------------------------------------------------+--------------------+--------------------+


+------------------------------------------+
; Parallel Compilation                     ;
+----------------------------+-------------+
; Processors                 ; Number      ;
+----------------------------+-------------+
; Number detected on machine ; 8           ;
; Maximum allowed            ; 4           ;
;                            ;             ;
; Average used               ; 1.00        ;
; Maximum used               ; 4           ;
;                            ;             ;
; Usage by Processor         ; % Time Used ;
;     Processor 1            ; 100.0%      ;
;     Processors 2-4         ;   0.0%      ;
+----------------------------+-------------+


+--------------------------------------------------------------------------------------------------------------------------------------------------------------------------------+
; Analysis & Synthesis Source Files Read                                                                                                                                         ;
+----------------------------------+-----------------+------------------------------+----------------------------------------------------------------------------------+---------+
; File Name with User-Entered Path ; Used in Netlist ; File Type                    ; File Name with Absolute Path                                                     ; Library ;
+----------------------------------+-----------------+------------------------------+----------------------------------------------------------------------------------+---------+
; hcsr04.vhd                       ; yes             ; User VHDL File               ; ./hcsr04.vhd                                         ;         ;
; tick_gen.vhd                     ; yes             ; User VHDL File               ; ./tick_gen.vhd                                       ;         ;
; main.vhd                         ; yes             ; User VHDL File               ; ./main.vhd                                           ;         ;
; display_mux.vhd                  ; yes             ; User VHDL File               ; ./display_mux.vhd                                    ;         ;
; digit_to_7seg.vhd                ; yes             ; User VHDL File               ; ./digit_to_7seg.vhd                                  ;         ;
; lpm_divide.tdf                   ; yes             ; Megafunction                 ; c:/users/public/quartusprime/quartus/libraries/megafunctions/lpm_divide.tdf      ;         ;
; abs_divider.inc                  ; yes             ; Megafunction                 ; c:/users/public/quartusprime/quartus/libraries/megafunctions/abs_divider.inc     ;         ;
; sign_div_unsign.inc              ; yes             ; Megafunction                 ; c:/users/public/quartusprime/quartus/libraries/megafunctions/sign_div_unsign.inc ;         ;
; aglobal251.inc                   ; yes             ; Megafunction                 ; c:/users/public/quartusprime/quartus/libraries/megafunctions/aglobal251.inc      ;         ;
; db/lpm_divide_ccm.tdf            ; yes             ; Auto-Generated Megafunction  ; ./db/lpm_divide_ccm.tdf                              ;         ;
; db/sign_div_unsign_1nh.tdf       ; yes             ; Auto-Generated Megafunction  ; ./db/sign_div_unsign_1nh.tdf                         ;         ;
; db/alt_u_div_m9f.tdf             ; yes             ; Auto-Generated Megafunction  ; ./db/alt_u_div_m9f.tdf                               ;         ;
; db/add_sub_7pc.tdf               ; yes             ; Auto-Generated Megafunction  ; ./db/add_sub_7pc.tdf                                 ;         ;
; db/add_sub_8pc.tdf               ; yes             ; Auto-Generated Megafunction  ; ./db/add_sub_8pc.tdf                                 ;         ;
; db/lpm_divide_sim.tdf            ; yes             ; Auto-Generated Megafunction  ; ./db/lpm_divide_sim.tdf                              ;         ;
; db/sign_div_unsign_klh.tdf       ; yes             ; Auto-Generated Megafunction  ; ./db/sign_div_unsign_klh.tdf                         ;         ;
; db/alt_u_div_s6f.tdf             ; yes             ; Auto-Generated Megafunction  ; ./db/alt_u_div_s6f.tdf                               ;         ;
; db/lpm_divide_vim.tdf            ; yes             ; Auto-Generated Megafunction  ; ./db/lpm_divide_vim.tdf                              ;         ;
; db/sign_div_unsign_nlh.tdf       ; yes             ; Auto-Generated Megafunction  ; ./db/sign_div_unsign_nlh.tdf                         ;         ;
; db/alt_u_div_27f.tdf             ; yes             ; Auto-Generated Megafunction  ; ./db/alt_u_div_27f.tdf                               ;         ;
; db/lpm_divide_dkm.tdf            ; yes             ; Auto-Generated Megafunction  ; ./db/lpm_divide_dkm.tdf                              ;         ;
; db/sign_div_unsign_5nh.tdf       ; yes             ; Auto-Generated Megafunction  ; ./db/sign_div_unsign_5nh.tdf                         ;         ;
; db/alt_u_div_u9f.tdf             ; yes             ; Auto-Generated Megafunction  ; ./db/alt_u_div_u9f.tdf                               ;         ;
+----------------------------------+-----------------+------------------------------+----------------------------------------------------------------------------------+---------+


+---------------------------------------------------------------+
; Analysis & Synthesis Resource Usage Summary                   ;
+---------------------------------------------+-----------------+
; Resource                                    ; Usage           ;
+---------------------------------------------+-----------------+
; Estimated Total logic elements              ; 911             ;
;                                             ;                 ;
; Total combinational functions               ; 911             ;
; Logic element usage by number of LUT inputs ;                 ;
;     -- 4 input functions                    ; 211             ;
;     -- 3 input functions                    ; 229             ;
;     -- <=2 input functions                  ; 471             ;
;                                             ;                 ;
; Logic elements by mode                      ;                 ;
;     -- normal mode                          ; 574             ;
;     -- arithmetic mode                      ; 337             ;
;                                             ;                 ;
; Total registers                             ; 102             ;
;     -- Dedicated logic registers            ; 102             ;
;     -- I/O registers                        ; 0               ;
;                                             ;                 ;
; I/O pins                                    ; 16              ;
;                                             ;                 ;
; Embedded Multiplier 9-bit elements          ; 0               ;
;                                             ;                 ;
; Maximum fan-out node                        ; clk_50mhz~input ;
; Maximum fan-out                             ; 102             ;
; Total fan-out                               ; 2711            ;
; Average fan-out                             ; 2.59            ;
+---------------------------------------------+-----------------+


+------------------------------------------------------------------------------------------------------------------------------------------------------------------------------------------------------------------------------------------------------------------------------------------------------------------------------------------------+
; Analysis & Synthesis Resource Utilization by Entity                                                                                                                                                                                                                                                                                            ;
+-------------------------------------------+---------------------+---------------------------+-------------+--------------+---------+-----------+------+--------------+------------------------------------------------------------------------------------------------------------------------------------+---------------------+--------------+
; Compilation Hierarchy Node                ; Combinational ALUTs ; Dedicated Logic Registers ; Memory Bits ; DSP Elements ; DSP 9x9 ; DSP 18x18 ; Pins ; Virtual Pins ; Full Hierarchy Name                                                                                                                ; Entity Name         ; Library Name ;
+-------------------------------------------+---------------------+---------------------------+-------------+--------------+---------+-----------+------+--------------+------------------------------------------------------------------------------------------------------------------------------------+---------------------+--------------+
; |main                                     ; 911 (0)             ; 102 (0)                   ; 0           ; 0            ; 0       ; 0         ; 16   ; 0            ; |main                                                                                                                              ; main                ; work         ;
;    |display_mux:display_mux_inst|         ; 417 (33)            ; 2 (2)                     ; 0           ; 0            ; 0       ; 0         ; 0    ; 0            ; |main|display_mux:display_mux_inst                                                                                                 ; display_mux         ; work         ;
;       |digit_to_7seg:digit_to_7seg_inst|  ; 14 (14)             ; 0 (0)                     ; 0           ; 0            ; 0       ; 0         ; 0    ; 0            ; |main|display_mux:display_mux_inst|digit_to_7seg:digit_to_7seg_inst                                                                ; digit_to_7seg       ; work         ;
;       |lpm_divide:Div0|                   ; 82 (0)              ; 0 (0)                     ; 0           ; 0            ; 0       ; 0         ; 0    ; 0            ; |main|display_mux:display_mux_inst|lpm_divide:Div0                                                                                 ; lpm_divide          ; work         ;
;          |lpm_divide_sim:auto_generated|  ; 82 (0)              ; 0 (0)                     ; 0           ; 0            ; 0       ; 0         ; 0    ; 0            ; |main|display_mux:display_mux_inst|lpm_divide:Div0|lpm_divide_sim:auto_generated                                                   ; lpm_divide_sim      ; work         ;
;             |sign_div_unsign_klh:divider| ; 82 (0)              ; 0 (0)                     ; 0           ; 0            ; 0       ; 0         ; 0    ; 0            ; |main|display_mux:display_mux_inst|lpm_divide:Div0|lpm_divide_sim:auto_generated|sign_div_unsign_klh:divider                       ; sign_div_unsign_klh ; work         ;
;                |alt_u_div_s6f:divider|    ; 82 (82)             ; 0 (0)                     ; 0           ; 0            ; 0       ; 0         ; 0    ; 0            ; |main|display_mux:display_mux_inst|lpm_divide:Div0|lpm_divide_sim:auto_generated|sign_div_unsign_klh:divider|alt_u_div_s6f:divider ; alt_u_div_s6f       ; work         ;
;       |lpm_divide:Div1|                   ; 69 (0)              ; 0 (0)                     ; 0           ; 0            ; 0       ; 0         ; 0    ; 0            ; |main|display_mux:display_mux_inst|lpm_divide:Div1                                                                                 ; lpm_divide          ; work         ;
;          |lpm_divide_vim:auto_generated|  ; 69 (0)              ; 0 (0)                     ; 0           ; 0            ; 0       ; 0         ; 0    ; 0            ; |main|display_mux:display_mux_inst|lpm_divide:Div1|lpm_divide_vim:auto_generated                                                   ; lpm_divide_vim      ; work         ;
;             |sign_div_unsign_nlh:divider| ; 69 (0)              ; 0 (0)                     ; 0           ; 0            ; 0       ; 0         ; 0    ; 0            ; |main|display_mux:display_mux_inst|lpm_divide:Div1|lpm_divide_vim:auto_generated|sign_div_unsign_nlh:divider                       ; sign_div_unsign_nlh ; work         ;
;                |alt_u_div_27f:divider|    ; 69 (69)             ; 0 (0)                     ; 0           ; 0            ; 0       ; 0         ; 0    ; 0            ; |main|display_mux:display_mux_inst|lpm_divide:Div1|lpm_divide_vim:auto_generated|sign_div_unsign_nlh:divider|alt_u_div_27f:divider ; alt_u_div_27f       ; work         ;
;       |lpm_divide:Mod0|                   ; 127 (0)             ; 0 (0)                     ; 0           ; 0            ; 0       ; 0         ; 0    ; 0            ; |main|display_mux:display_mux_inst|lpm_divide:Mod0                                                                                 ; lpm_divide          ; work         ;
;          |lpm_divide_ccm:auto_generated|  ; 127 (0)             ; 0 (0)                     ; 0           ; 0            ; 0       ; 0         ; 0    ; 0            ; |main|display_mux:display_mux_inst|lpm_divide:Mod0|lpm_divide_ccm:auto_generated                                                   ; lpm_divide_ccm      ; work         ;
;             |sign_div_unsign_1nh:divider| ; 127 (0)             ; 0 (0)                     ; 0           ; 0            ; 0       ; 0         ; 0    ; 0            ; |main|display_mux:display_mux_inst|lpm_divide:Mod0|lpm_divide_ccm:auto_generated|sign_div_unsign_1nh:divider                       ; sign_div_unsign_1nh ; work         ;
;                |alt_u_div_m9f:divider|    ; 127 (127)           ; 0 (0)                     ; 0           ; 0            ; 0       ; 0         ; 0    ; 0            ; |main|display_mux:display_mux_inst|lpm_divide:Mod0|lpm_divide_ccm:auto_generated|sign_div_unsign_1nh:divider|alt_u_div_m9f:divider ; alt_u_div_m9f       ; work         ;
;       |lpm_divide:Mod1|                   ; 83 (0)              ; 0 (0)                     ; 0           ; 0            ; 0       ; 0         ; 0    ; 0            ; |main|display_mux:display_mux_inst|lpm_divide:Mod1                                                                                 ; lpm_divide          ; work         ;
;          |lpm_divide_ccm:auto_generated|  ; 83 (0)              ; 0 (0)                     ; 0           ; 0            ; 0       ; 0         ; 0    ; 0            ; |main|display_mux:display_mux_inst|lpm_divide:Mod1|lpm_divide_ccm:auto_generated                                                   ; lpm_divide_ccm      ; work         ;
;             |sign_div_unsign_1nh:divider| ; 83 (0)              ; 0 (0)                     ; 0           ; 0            ; 0       ; 0         ; 0    ; 0            ; |main|display_mux:display_mux_inst|lpm_divide:Mod1|lpm_divide_ccm:auto_generated|sign_div_unsign_1nh:divider                       ; sign_div_unsign_1nh ; work         ;
;                |alt_u_div_m9f:divider|    ; 83 (83)             ; 0 (0)                     ; 0           ; 0            ; 0       ; 0         ; 0    ; 0            ; |main|display_mux:display_mux_inst|lpm_divide:Mod1|lpm_divide_ccm:auto_generated|sign_div_unsign_1nh:divider|alt_u_div_m9f:divider ; alt_u_div_m9f       ; work         ;
;       |lpm_divide:Mod2|                   ; 9 (0)               ; 0 (0)                     ; 0           ; 0            ; 0       ; 0         ; 0    ; 0            ; |main|display_mux:display_mux_inst|lpm_divide:Mod2                                                                                 ; lpm_divide          ; work         ;
;          |lpm_divide_ccm:auto_generated|  ; 9 (0)               ; 0 (0)                     ; 0           ; 0            ; 0       ; 0         ; 0    ; 0            ; |main|display_mux:display_mux_inst|lpm_divide:Mod2|lpm_divide_ccm:auto_generated                                                   ; lpm_divide_ccm      ; work         ;
;             |sign_div_unsign_1nh:divider| ; 9 (0)               ; 0 (0)                     ; 0           ; 0            ; 0       ; 0         ; 0    ; 0            ; |main|display_mux:display_mux_inst|lpm_divide:Mod2|lpm_divide_ccm:auto_generated|sign_div_unsign_1nh:divider                       ; sign_div_unsign_1nh ; work         ;
;                |alt_u_div_m9f:divider|    ; 9 (9)               ; 0 (0)                     ; 0           ; 0            ; 0       ; 0         ; 0    ; 0            ; |main|display_mux:display_mux_inst|lpm_divide:Mod2|lpm_divide_ccm:auto_generated|sign_div_unsign_1nh:divider|alt_u_div_m9f:divider ; alt_u_div_m9f       ; work         ;
;    |hcsr04:hcsr04_inst|                   ; 416 (116)           ; 46 (46)                   ; 0           ; 0            ; 0       ; 0         ; 0    ; 0            ; |main|hcsr04:hcsr04_inst                                                                                                           ; hcsr04              ; work         ;
;       |lpm_divide:Div0|                   ; 300 (0)             ; 0 (0)                     ; 0           ; 0            ; 0       ; 0         ; 0    ; 0            ; |main|hcsr04:hcsr04_inst|lpm_divide:Div0                                                                                           ; lpm_divide          ; work         ;
;          |lpm_divide_dkm:auto_generated|  ; 300 (0)             ; 0 (0)                     ; 0           ; 0            ; 0       ; 0         ; 0    ; 0            ; |main|hcsr04:hcsr04_inst|lpm_divide:Div0|lpm_divide_dkm:auto_generated                                                             ; lpm_divide_dkm      ; work         ;
;             |sign_div_unsign_5nh:divider| ; 300 (0)             ; 0 (0)                     ; 0           ; 0            ; 0       ; 0         ; 0    ; 0            ; |main|hcsr04:hcsr04_inst|lpm_divide:Div0|lpm_divide_dkm:auto_generated|sign_div_unsign_5nh:divider                                 ; sign_div_unsign_5nh ; work         ;
;                |alt_u_div_u9f:divider|    ; 300 (300)           ; 0 (0)                     ; 0           ; 0            ; 0       ; 0         ; 0    ; 0            ; |main|hcsr04:hcsr04_inst|lpm_divide:Div0|lpm_divide_dkm:auto_generated|sign_div_unsign_5nh:divider|alt_u_div_u9f:divider           ; alt_u_div_u9f       ; work         ;
;    |tick_gen:tick_display_inst|           ; 41 (41)             ; 27 (27)                   ; 0           ; 0            ; 0       ; 0         ; 0    ; 0            ; |main|tick_gen:tick_display_inst                                                                                                   ; tick_gen            ; work         ;
;    |tick_gen:tick_hcsr04_inst|            ; 37 (37)             ; 27 (27)                   ; 0           ; 0            ; 0       ; 0         ; 0    ; 0            ; |main|tick_gen:tick_hcsr04_inst                                                                                                    ; tick_gen            ; work         ;
+-------------------------------------------+---------------------+---------------------------+-------------+--------------+---------+-----------+------+--------------+------------------------------------------------------------------------------------------------------------------------------------+---------------------+--------------+
Note: For table entries with two numbers listed, the numbers in parentheses indicate the number of resources of the given type used by the specific entity alone. The numbers listed outside of parentheses indicate the total resources of the given type used by the specific entity and all of its sub-entities in the hierarchy.


Encoding Type:  One-Hot
+--------------------------------------------------------------------------------------------------+
; State Machine - |main|hcsr04:hcsr04_inst|state                                                   ;
+---------------------+--------------------+---------------------+--------------------+------------+
; Name                ; state.MEASURE_ECHO ; state.WAIT_FOR_ECHO ; state.SEND_TRIGGER ; state.IDLE ;
+---------------------+--------------------+---------------------+--------------------+------------+
; state.IDLE          ; 0                  ; 0                   ; 0                  ; 0          ;
; state.SEND_TRIGGER  ; 0                  ; 0                   ; 1                  ; 1          ;
; state.WAIT_FOR_ECHO ; 0                  ; 1                   ; 0                  ; 1          ;
; state.MEASURE_ECHO  ; 1                  ; 0                   ; 0                  ; 1          ;
+---------------------+--------------------+---------------------+--------------------+------------+


+------------------------------------------------------+
; General Register Statistics                          ;
+----------------------------------------------+-------+
; Statistic                                    ; Value ;
+----------------------------------------------+-------+
; Total registers                              ; 102   ;
; Number of registers using Synchronous Clear  ; 58    ;
; Number of registers using Synchronous Load   ; 0     ;
; Number of registers using Asynchronous Clear ; 0     ;
; Number of registers using Asynchronous Load  ; 0     ;
; Number of registers using Clock Enable       ; 31    ;
; Number of registers using Preset             ; 0     ;
+----------------------------------------------+-------+


+-----------------------------------------------------------------------------------------------------------------------------------------------------------+
; Multiplexer Restructuring Statistics (Restructuring Performed)                                                                                            ;
+--------------------+-----------+---------------+----------------------+------------------------+------------+---------------------------------------------+
; Multiplexer Inputs ; Bus Width ; Baseline Area ; Area if Restructured ; Saving if Restructured ; Registered ; Example Multiplexer Output                  ;
+--------------------+-----------+---------------+----------------------+------------------------+------------+---------------------------------------------+
; 3:1                ; 26 bits   ; 52 LEs        ; 26 LEs               ; 26 LEs                 ; Yes        ; |main|tick_gen:tick_hcsr04_inst|counter[11] ;
; 7:1                ; 10 bits   ; 40 LEs        ; 10 LEs               ; 30 LEs                 ; Yes        ; |main|hcsr04:hcsr04_inst|distance_cm[9]     ;
; 8:1                ; 21 bits   ; 105 LEs       ; 21 LEs               ; 84 LEs                 ; Yes        ; |main|hcsr04:hcsr04_inst|echo_counter[16]   ;
; 6:1                ; 4 bits    ; 16 LEs        ; 16 LEs               ; 0 LEs                  ; No         ; |main|display_mux:display_mux_inst|Mux7     ;
; 11:1               ; 4 bits    ; 28 LEs        ; 16 LEs               ; 12 LEs                 ; No         ; |main|hcsr04:hcsr04_inst|state              ;
+--------------------+-----------+---------------+----------------------+------------------------+------------+---------------------------------------------+


+-------------------------------------------------------------------------+
; Parameter Settings for User Entity Instance: tick_gen:tick_display_inst ;
+----------------+-------+------------------------------------------------+
; Parameter Name ; Value ; Type                                           ;
+----------------+-------+------------------------------------------------+
; max_count      ; 12499 ; Signed Integer                                 ;
+----------------+-------+------------------------------------------------+
Note: In order to hide this table in the UI and the text report file, please set the "Show Parameter Settings in Synthesis Report" option in "Analysis and Synthesis Settings -> More Settings" to "Off".


+------------------------------------------------------------------------+
; Parameter Settings for User Entity Instance: tick_gen:tick_hcsr04_inst ;
+----------------+----------+--------------------------------------------+
; Parameter Name ; Value    ; Type                                       ;
+----------------+----------+--------------------------------------------+
; max_count      ; 49999999 ; Signed Integer                             ;
+----------------+----------+--------------------------------------------+
Note: In order to hide this table in the UI and the text report file, please set the "Show Parameter Settings in Synthesis Report" option in "Analysis and Synthesis Settings -> More Settings" to "Off".


+-----------------------------------------------------------------------------------------------+
; Parameter Settings for Inferred Entity Instance: display_mux:display_mux_inst|lpm_divide:Mod0 ;
+------------------------+----------------+-----------------------------------------------------+
; Parameter Name         ; Value          ; Type                                                ;
+------------------------+----------------+-----------------------------------------------------+
; LPM_WIDTHN             ; 10             ; Untyped                                             ;
; LPM_WIDTHD             ; 10             ; Untyped                                             ;
; LPM_NREPRESENTATION    ; UNSIGNED       ; Untyped                                             ;
; LPM_DREPRESENTATION    ; UNSIGNED       ; Untyped                                             ;
; LPM_PIPELINE           ; 0              ; Untyped                                             ;
; LPM_REMAINDERPOSITIVE  ; TRUE           ; Untyped                                             ;
; MAXIMIZE_SPEED         ; 5              ; Untyped                                             ;
; CBXI_PARAMETER         ; lpm_divide_ccm ; Untyped                                             ;
; CARRY_CHAIN            ; MANUAL         ; Untyped                                             ;
; OPTIMIZE_FOR_SPEED     ; 5              ; Untyped                                             ;
; AUTO_CARRY_CHAINS      ; ON             ; AUTO_CARRY                                          ;
; IGNORE_CARRY_BUFFERS   ; OFF            ; IGNORE_CARRY                                        ;
; AUTO_CASCADE_CHAINS    ; ON             ; AUTO_CASCADE                                        ;
; IGNORE_CASCADE_BUFFERS ; OFF            ; IGNORE_CASCADE                                      ;
+------------------------+----------------+-----------------------------------------------------+
Note: In order to hide this table in the UI and the text report file, please set the "Show Parameter Settings in Synthesis Report" option in "Analysis and Synthesis Settings -> More Settings" to "Off".


+-----------------------------------------------------------------------------------------------+
; Parameter Settings for Inferred Entity Instance: display_mux:display_mux_inst|lpm_divide:Div0 ;
+------------------------+----------------+-----------------------------------------------------+
; Parameter Name         ; Value          ; Type                                                ;
+------------------------+----------------+-----------------------------------------------------+
; LPM_WIDTHN             ; 10             ; Untyped                                             ;
; LPM_WIDTHD             ; 4              ; Untyped                                             ;
; LPM_NREPRESENTATION    ; UNSIGNED       ; Untyped                                             ;
; LPM_DREPRESENTATION    ; UNSIGNED       ; Untyped                                             ;
; LPM_PIPELINE           ; 0              ; Untyped                                             ;
; LPM_REMAINDERPOSITIVE  ; TRUE           ; Untyped                                             ;
; MAXIMIZE_SPEED         ; 5              ; Untyped                                             ;
; CBXI_PARAMETER         ; lpm_divide_sim ; Untyped                                             ;
; CARRY_CHAIN            ; MANUAL         ; Untyped                                             ;
; OPTIMIZE_FOR_SPEED     ; 5              ; Untyped                                             ;
; AUTO_CARRY_CHAINS      ; ON             ; AUTO_CARRY                                          ;
; IGNORE_CARRY_BUFFERS   ; OFF            ; IGNORE_CARRY                                        ;
; AUTO_CASCADE_CHAINS    ; ON             ; AUTO_CASCADE                                        ;
; IGNORE_CASCADE_BUFFERS ; OFF            ; IGNORE_CASCADE                                      ;
+------------------------+----------------+-----------------------------------------------------+
Note: In order to hide this table in the UI and the text report file, please set the "Show Parameter Settings in Synthesis Report" option in "Analysis and Synthesis Settings -> More Settings" to "Off".


+-----------------------------------------------------------------------------------------------+
; Parameter Settings for Inferred Entity Instance: display_mux:display_mux_inst|lpm_divide:Mod1 ;
+------------------------+----------------+-----------------------------------------------------+
; Parameter Name         ; Value          ; Type                                                ;
+------------------------+----------------+-----------------------------------------------------+
; LPM_WIDTHN             ; 10             ; Untyped                                             ;
; LPM_WIDTHD             ; 10             ; Untyped                                             ;
; LPM_NREPRESENTATION    ; UNSIGNED       ; Untyped                                             ;
; LPM_DREPRESENTATION    ; UNSIGNED       ; Untyped                                             ;
; LPM_PIPELINE           ; 0              ; Untyped                                             ;
; LPM_REMAINDERPOSITIVE  ; TRUE           ; Untyped                                             ;
; MAXIMIZE_SPEED         ; 5              ; Untyped                                             ;
; CBXI_PARAMETER         ; lpm_divide_ccm ; Untyped                                             ;
; CARRY_CHAIN            ; MANUAL         ; Untyped                                             ;
; OPTIMIZE_FOR_SPEED     ; 5              ; Untyped                                             ;
; AUTO_CARRY_CHAINS      ; ON             ; AUTO_CARRY                                          ;
; IGNORE_CARRY_BUFFERS   ; OFF            ; IGNORE_CARRY                                        ;
; AUTO_CASCADE_CHAINS    ; ON             ; AUTO_CASCADE                                        ;
; IGNORE_CASCADE_BUFFERS ; OFF            ; IGNORE_CASCADE                                      ;
+------------------------+----------------+-----------------------------------------------------+
Note: In order to hide this table in the UI and the text report file, please set the "Show Parameter Settings in Synthesis Report" option in "Analysis and Synthesis Settings -> More Settings" to "Off".


+-----------------------------------------------------------------------------------------------+
; Parameter Settings for Inferred Entity Instance: display_mux:display_mux_inst|lpm_divide:Div1 ;
+------------------------+----------------+-----------------------------------------------------+
; Parameter Name         ; Value          ; Type                                                ;
+------------------------+----------------+-----------------------------------------------------+
; LPM_WIDTHN             ; 10             ; Untyped                                             ;
; LPM_WIDTHD             ; 7              ; Untyped                                             ;
; LPM_NREPRESENTATION    ; UNSIGNED       ; Untyped                                             ;
; LPM_DREPRESENTATION    ; UNSIGNED       ; Untyped                                             ;
; LPM_PIPELINE           ; 0              ; Untyped                                             ;
; LPM_REMAINDERPOSITIVE  ; TRUE           ; Untyped                                             ;
; MAXIMIZE_SPEED         ; 5              ; Untyped                                             ;
; CBXI_PARAMETER         ; lpm_divide_vim ; Untyped                                             ;
; CARRY_CHAIN            ; MANUAL         ; Untyped                                             ;
; OPTIMIZE_FOR_SPEED     ; 5              ; Untyped                                             ;
; AUTO_CARRY_CHAINS      ; ON             ; AUTO_CARRY                                          ;
; IGNORE_CARRY_BUFFERS   ; OFF            ; IGNORE_CARRY                                        ;
; AUTO_CASCADE_CHAINS    ; ON             ; AUTO_CASCADE                                        ;
; IGNORE_CASCADE_BUFFERS ; OFF            ; IGNORE_CASCADE                                      ;
+------------------------+----------------+-----------------------------------------------------+
Note: In order to hide this table in the UI and the text report file, please set the "Show Parameter Settings in Synthesis Report" option in "Analysis and Synthesis Settings -> More Settings" to "Off".


+-----------------------------------------------------------------------------------------------+
; Parameter Settings for Inferred Entity Instance: display_mux:display_mux_inst|lpm_divide:Mod2 ;
+------------------------+----------------+-----------------------------------------------------+
; Parameter Name         ; Value          ; Type                                                ;
+------------------------+----------------+-----------------------------------------------------+
; LPM_WIDTHN             ; 10             ; Untyped                                             ;
; LPM_WIDTHD             ; 10             ; Untyped                                             ;
; LPM_NREPRESENTATION    ; UNSIGNED       ; Untyped                                             ;
; LPM_DREPRESENTATION    ; UNSIGNED       ; Untyped                                             ;
; LPM_PIPELINE           ; 0              ; Untyped                                             ;
; LPM_REMAINDERPOSITIVE  ; TRUE           ; Untyped                                             ;
; MAXIMIZE_SPEED         ; 5              ; Untyped                                             ;
; CBXI_PARAMETER         ; lpm_divide_ccm ; Untyped                                             ;
; CARRY_CHAIN            ; MANUAL         ; Untyped                                             ;
; OPTIMIZE_FOR_SPEED     ; 5              ; Untyped                                             ;
; AUTO_CARRY_CHAINS      ; ON             ; AUTO_CARRY                                          ;
; IGNORE_CARRY_BUFFERS   ; OFF            ; IGNORE_CARRY                                        ;
; AUTO_CASCADE_CHAINS    ; ON             ; AUTO_CASCADE                                        ;
; IGNORE_CASCADE_BUFFERS ; OFF            ; IGNORE_CASCADE                                      ;
+------------------------+----------------+-----------------------------------------------------+
Note: In order to hide this table in the UI and the text report file, please set the "Show Parameter Settings in Synthesis Report" option in "Analysis and Synthesis Settings -> More Settings" to "Off".


+-------------------------------------------------------------------------------------+
; Parameter Settings for Inferred Entity Instance: hcsr04:hcsr04_inst|lpm_divide:Div0 ;
+------------------------+----------------+-------------------------------------------+
; Parameter Name         ; Value          ; Type                                      ;
+------------------------+----------------+-------------------------------------------+
; LPM_WIDTHN             ; 21             ; Untyped                                   ;
; LPM_WIDTHD             ; 12             ; Untyped                                   ;
; LPM_NREPRESENTATION    ; UNSIGNED       ; Untyped                                   ;
; LPM_DREPRESENTATION    ; UNSIGNED       ; Untyped                                   ;
; LPM_PIPELINE           ; 0              ; Untyped                                   ;
; LPM_REMAINDERPOSITIVE  ; TRUE           ; Untyped                                   ;
; MAXIMIZE_SPEED         ; 5              ; Untyped                                   ;
; CBXI_PARAMETER         ; lpm_divide_dkm ; Untyped                                   ;
; CARRY_CHAIN            ; MANUAL         ; Untyped                                   ;
; OPTIMIZE_FOR_SPEED     ; 5              ; Untyped                                   ;
; AUTO_CARRY_CHAINS      ; ON             ; AUTO_CARRY                                ;
; IGNORE_CARRY_BUFFERS   ; OFF            ; IGNORE_CARRY                              ;
; AUTO_CASCADE_CHAINS    ; ON             ; AUTO_CASCADE                              ;
; IGNORE_CASCADE_BUFFERS ; OFF            ; IGNORE_CASCADE                            ;
+------------------------+----------------+-------------------------------------------+
Note: In order to hide this table in the UI and the text report file, please set the "Show Parameter Settings in Synthesis Report" option in "Analysis and Synthesis Settings -> More Settings" to "Off".


+-------------------------------------------------------------------------------------------+
; Port Connectivity Checks: "display_mux:display_mux_inst|digit_to_7seg:digit_to_7seg_inst" ;
+------+-------+----------+-----------------------------------------------------------------+
; Port ; Type  ; Severity ; Details                                                         ;
+------+-------+----------+-----------------------------------------------------------------+
; dot  ; Input ; Info     ; Stuck at GND                                                    ;
+------+-------+----------+-----------------------------------------------------------------+


+--------------------------------------------------------+
; Port Connectivity Checks: "tick_gen:tick_display_inst" ;
+-------+-------+----------+-----------------------------+
; Port  ; Type  ; Severity ; Details                     ;
+-------+-------+----------+-----------------------------+
; reset ; Input ; Info     ; Stuck at GND                ;
+-------+-------+----------+-----------------------------+


+-----------------------------------------------------+
; Post-Synthesis Netlist Statistics for Top Partition ;
+-----------------------+-----------------------------+
; Type                  ; Count                       ;
+-----------------------+-----------------------------+
; boundary_port         ; 16                          ;
; cycloneiii_ff         ; 102                         ;
;     ENA               ; 10                          ;
;     ENA SCLR          ; 21                          ;
;     SCLR              ; 37                          ;
;     plain             ; 34                          ;
; cycloneiii_lcell_comb ; 912                         ;
;     arith             ; 337                         ;
;         1 data inputs ; 7                           ;
;         2 data inputs ; 126                         ;
;         3 data inputs ; 204                         ;
;     normal            ; 575                         ;
;         0 data inputs ; 34                          ;
;         1 data inputs ; 10                          ;
;         2 data inputs ; 295                         ;
;         3 data inputs ; 25                          ;
;         4 data inputs ; 211                         ;
;                       ;                             ;
; Max LUT depth         ; 31.80                       ;
; Average LUT depth     ; 19.81                       ;
+-----------------------+-----------------------------+


+-------------------------------+
; Elapsed Time Per Partition    ;
+----------------+--------------+
; Partition Name ; Elapsed Time ;
+----------------+--------------+
; Top            ; 00:00:02     ;
+----------------+--------------+


+-------------------------------+
; Analysis & Synthesis Messages ;
+-------------------------------+
Info: *******************************************************************
Info: Running Quartus Prime Analysis & Synthesis
    Info: Version 25.1std.0 Build 1129 10/21/2025 SC Lite Edition
    Info: Processing started: Fri Jun  5 21:28:38 2026
Info: Command: quartus_map --read_settings_files=on --write_settings_files=off main -c main
Warning (18236): Number of processors has not been specified which may cause overloading on shared machines.  Set the global assignment NUM_PARALLEL_PROCESSORS in your QSF to an appropriate value for best performance.
Info (20030): Parallel compilation is enabled and will use 4 of the 4 processors detected
Info (12021): Found 2 design units, including 1 entities, in source file hcsr04.vhd
    Info (12022): Found design unit 1: hcsr04-rtl File: ./hcsr04.vhd Line: 16
    Info (12023): Found entity 1: hcsr04 File: ./hcsr04.vhd Line: 5
Info (12021): Found 2 design units, including 1 entities, in source file tick_gen.vhd
    Info (12022): Found design unit 1: tick_gen-rtl File: ./tick_gen.vhd Line: 16
    Info (12023): Found entity 1: tick_gen File: ./tick_gen.vhd Line: 5
Info (12021): Found 2 design units, including 1 entities, in source file main.vhd
    Info (12022): Found design unit 1: main-rtl File: ./main.vhd Line: 16
    Info (12023): Found entity 1: main File: ./main.vhd Line: 5
Info (12021): Found 2 design units, including 1 entities, in source file display_mux.vhd
    Info (12022): Found design unit 1: display_mux-rtl File: ./display_mux.vhd Line: 16
    Info (12023): Found entity 1: display_mux File: ./display_mux.vhd Line: 5
Info (12021): Found 2 design units, including 1 entities, in source file digit_to_7seg.vhd
    Info (12022): Found design unit 1: digit_to_7seg-rtl File: ./digit_to_7seg.vhd Line: 13
    Info (12023): Found entity 1: digit_to_7seg File: ./digit_to_7seg.vhd Line: 4
Info (12127): Elaborating entity "main" for the top level hierarchy
Info (12128): Elaborating entity "tick_gen" for hierarchy "tick_gen:tick_display_inst" File: ./main.vhd Line: 23
Info (12128): Elaborating entity "tick_gen" for hierarchy "tick_gen:tick_hcsr04_inst" File: ./main.vhd Line: 32
Info (12128): Elaborating entity "display_mux" for hierarchy "display_mux:display_mux_inst" File: ./main.vhd Line: 41
Info (12128): Elaborating entity "digit_to_7seg" for hierarchy "display_mux:display_mux_inst|digit_to_7seg:digit_to_7seg_inst" File: ./display_mux.vhd Line: 67
Info (12128): Elaborating entity "hcsr04" for hierarchy "hcsr04:hcsr04_inst" File: ./main.vhd Line: 50
Info (278001): Inferred 6 megafunctions from design logic
    Info (278004): Inferred divider/modulo megafunction ("lpm_divide") from the following logic: "display_mux:display_mux_inst|Mod0" File: ./display_mux.vhd Line: 47
    Info (278004): Inferred divider/modulo megafunction ("lpm_divide") from the following logic: "display_mux:display_mux_inst|Div0" File: ./display_mux.vhd Line: 52
    Info (278004): Inferred divider/modulo megafunction ("lpm_divide") from the following logic: "display_mux:display_mux_inst|Mod1" File: ./display_mux.vhd Line: 52
    Info (278004): Inferred divider/modulo megafunction ("lpm_divide") from the following logic: "display_mux:display_mux_inst|Div1" File: ./display_mux.vhd Line: 60
    Info (278004): Inferred divider/modulo megafunction ("lpm_divide") from the following logic: "display_mux:display_mux_inst|Mod2" File: ./display_mux.vhd Line: 60
    Info (278004): Inferred divider/modulo megafunction ("lpm_divide") from the following logic: "hcsr04:hcsr04_inst|Div0" File: ./hcsr04.vhd Line: 69
Info (12130): Elaborated megafunction instantiation "display_mux:display_mux_inst|lpm_divide:Mod0" File: ./display_mux.vhd Line: 47
Info (12133): Instantiated megafunction "display_mux:display_mux_inst|lpm_divide:Mod0" with the following parameter: File: ./display_mux.vhd Line: 47
    Info (12134): Parameter "LPM_WIDTHN" = "10"
    Info (12134): Parameter "LPM_WIDTHD" = "10"
    Info (12134): Parameter "LPM_NREPRESENTATION" = "UNSIGNED"
    Info (12134): Parameter "LPM_DREPRESENTATION" = "UNSIGNED"
Info (12021): Found 1 design units, including 1 entities, in source file db/lpm_divide_ccm.tdf
    Info (12023): Found entity 1: lpm_divide_ccm File: ./db/lpm_divide_ccm.tdf Line: 25
Info (12021): Found 1 design units, including 1 entities, in source file db/sign_div_unsign_1nh.tdf
    Info (12023): Found entity 1: sign_div_unsign_1nh File: ./db/sign_div_unsign_1nh.tdf Line: 25
Info (12021): Found 1 design units, including 1 entities, in source file db/alt_u_div_m9f.tdf
    Info (12023): Found entity 1: alt_u_div_m9f File: ./db/alt_u_div_m9f.tdf Line: 27
Info (12021): Found 1 design units, including 1 entities, in source file db/add_sub_7pc.tdf
    Info (12023): Found entity 1: add_sub_7pc File: ./db/add_sub_7pc.tdf Line: 23
Info (12021): Found 1 design units, including 1 entities, in source file db/add_sub_8pc.tdf
    Info (12023): Found entity 1: add_sub_8pc File: ./db/add_sub_8pc.tdf Line: 23
Info (12130): Elaborated megafunction instantiation "display_mux:display_mux_inst|lpm_divide:Div0" File: ./display_mux.vhd Line: 52
Info (12133): Instantiated megafunction "display_mux:display_mux_inst|lpm_divide:Div0" with the following parameter: File: ./display_mux.vhd Line: 52
    Info (12134): Parameter "LPM_WIDTHN" = "10"
    Info (12134): Parameter "LPM_WIDTHD" = "4"
    Info (12134): Parameter "LPM_NREPRESENTATION" = "UNSIGNED"
    Info (12134): Parameter "LPM_DREPRESENTATION" = "UNSIGNED"
Info (12021): Found 1 design units, including 1 entities, in source file db/lpm_divide_sim.tdf
    Info (12023): Found entity 1: lpm_divide_sim File: ./db/lpm_divide_sim.tdf Line: 25
Info (12021): Found 1 design units, including 1 entities, in source file db/sign_div_unsign_klh.tdf
    Info (12023): Found entity 1: sign_div_unsign_klh File: ./db/sign_div_unsign_klh.tdf Line: 25
Info (12021): Found 1 design units, including 1 entities, in source file db/alt_u_div_s6f.tdf
    Info (12023): Found entity 1: alt_u_div_s6f File: ./db/alt_u_div_s6f.tdf Line: 27
Info (12130): Elaborated megafunction instantiation "display_mux:display_mux_inst|lpm_divide:Div1" File: ./display_mux.vhd Line: 60
Info (12133): Instantiated megafunction "display_mux:display_mux_inst|lpm_divide:Div1" with the following parameter: File: ./display_mux.vhd Line: 60
    Info (12134): Parameter "LPM_WIDTHN" = "10"
    Info (12134): Parameter "LPM_WIDTHD" = "7"
    Info (12134): Parameter "LPM_NREPRESENTATION" = "UNSIGNED"
    Info (12134): Parameter "LPM_DREPRESENTATION" = "UNSIGNED"
Info (12021): Found 1 design units, including 1 entities, in source file db/lpm_divide_vim.tdf
    Info (12023): Found entity 1: lpm_divide_vim File: ./db/lpm_divide_vim.tdf Line: 25
Info (12021): Found 1 design units, including 1 entities, in source file db/sign_div_unsign_nlh.tdf
    Info (12023): Found entity 1: sign_div_unsign_nlh File: ./db/sign_div_unsign_nlh.tdf Line: 25
Info (12021): Found 1 design units, including 1 entities, in source file db/alt_u_div_27f.tdf
    Info (12023): Found entity 1: alt_u_div_27f File: ./db/alt_u_div_27f.tdf Line: 27
Info (12130): Elaborated megafunction instantiation "hcsr04:hcsr04_inst|lpm_divide:Div0" File: ./hcsr04.vhd Line: 69
Info (12133): Instantiated megafunction "hcsr04:hcsr04_inst|lpm_divide:Div0" with the following parameter: File: ./hcsr04.vhd Line: 69
    Info (12134): Parameter "LPM_WIDTHN" = "21"
    Info (12134): Parameter "LPM_WIDTHD" = "12"
    Info (12134): Parameter "LPM_NREPRESENTATION" = "UNSIGNED"
    Info (12134): Parameter "LPM_DREPRESENTATION" = "UNSIGNED"
Info (12021): Found 1 design units, including 1 entities, in source file db/lpm_divide_dkm.tdf
    Info (12023): Found entity 1: lpm_divide_dkm File: ./db/lpm_divide_dkm.tdf Line: 25
Info (12021): Found 1 design units, including 1 entities, in source file db/sign_div_unsign_5nh.tdf
    Info (12023): Found entity 1: sign_div_unsign_5nh File: ./db/sign_div_unsign_5nh.tdf Line: 25
Info (12021): Found 1 design units, including 1 entities, in source file db/alt_u_div_u9f.tdf
    Info (12023): Found entity 1: alt_u_div_u9f File: ./db/alt_u_div_u9f.tdf Line: 27
Warning (13024): Output pins are stuck at VCC or GND
    Warning (13410): Pin "seg[7]" is stuck at GND File: ./main.vhd Line: 9
Info (286030): Timing-Driven Synthesis is running
Info (17016): Found the following redundant logic cells in design
    Info (17048): Logic cell "display_mux:display_mux_inst|lpm_divide:Mod1|lpm_divide_ccm:auto_generated|sign_div_unsign_1nh:divider|alt_u_div_m9f:divider|add_sub_9_result_int[0]~0" File: ./db/alt_u_div_m9f.tdf Line: 72
    Info (17048): Logic cell "display_mux:display_mux_inst|lpm_divide:Mod1|lpm_divide_ccm:auto_generated|sign_div_unsign_1nh:divider|alt_u_div_m9f:divider|add_sub_6_result_int[0]~14" File: ./db/alt_u_div_m9f.tdf Line: 57
    Info (17048): Logic cell "display_mux:display_mux_inst|lpm_divide:Mod1|lpm_divide_ccm:auto_generated|sign_div_unsign_1nh:divider|alt_u_div_m9f:divider|add_sub_7_result_int[0]~16" File: ./db/alt_u_div_m9f.tdf Line: 62
    Info (17048): Logic cell "display_mux:display_mux_inst|lpm_divide:Mod1|lpm_divide_ccm:auto_generated|sign_div_unsign_1nh:divider|alt_u_div_m9f:divider|add_sub_8_result_int[0]~18" File: ./db/alt_u_div_m9f.tdf Line: 67
    Info (17048): Logic cell "display_mux:display_mux_inst|lpm_divide:Mod2|lpm_divide_ccm:auto_generated|sign_div_unsign_1nh:divider|alt_u_div_m9f:divider|op_8~0"
Info (16010): Generating hard_block partition "hard_block:auto_generated_inst"
    Info (16011): Adding 0 node(s), including 0 DDIO, 0 PLL, 0 transceiver and 0 LCELL
Info (21057): Implemented 928 device resources after synthesis - the final resource count might be different
    Info (21058): Implemented 3 input pins
    Info (21059): Implemented 13 output pins
    Info (21061): Implemented 912 logic cells
Info: Quartus Prime Analysis & Synthesis was successful. 0 errors, 3 warnings
    Info: Peak virtual memory: 4894 megabytes
    Info: Processing ended: Fri Jun  5 21:28:51 2026
    Info: Elapsed time: 00:00:13
    Info: Total CPU time (on all processors): 00:00:24


